#
# There is insufficient memory for the Java Runtime Environment to continue.
# Native memory allocation (mmap) failed to map 264241152 bytes. Error detail: G1 virtual space
# Possible reasons:
#   The system is out of physical RAM or swap space
#   This process is running with CompressedOops enabled, and the Java Heap may be blocking the growth of the native heap
# Possible solutions:
#   Reduce memory load on the system
#   Increase physical memory or swap space
#   Check if swap backing store is full
#   Decrease Java heap size (-Xmx/-Xms)
#   Decrease number of Java threads
#   Decrease Java thread stack sizes (-Xss)
#   Set larger code cache with -XX:ReservedCodeCacheSize=
#   JVM is running with Zero Based Compressed Oops mode in which the Java heap is
#     placed in the first 32GB address space. The Java Heap base address is the
#     maximum limit for the native heap growth. Please use -XX:HeapBaseMinAddress
#     to set the Java Heap base and to place the Java Heap above 32GB virtual address.
# This output file may be truncated or incomplete.
#
#  Out of Memory Error (os_windows.cpp:3631), pid=26156, tid=17708
#
# JRE version:  (22.0+36) (build )
# Java VM: Java HotSpot(TM) 64-Bit Server VM (22+36-2370, mixed mode, sharing, tiered, compressed oops, compressed class ptrs, g1 gc, windows-amd64)
# No core dump will be written. Minidumps are not enabled by default on client versions of Windows
#

---------------  S U M M A R Y ------------

Command Line: -Dfile.encoding=UTF-8 --module-path=C:\Users\Prathamesh\OneDrive\Documents\NetBeansProjects\University  Management System\build\classes university.management.system.Project

Host: 12th Gen Intel(R) Core(TM) i5-12450H, 12 cores, 15G,  Windows 11 , 64 bit Build 22621 (10.0.22621.4391)
Time: Sun Apr 13 16:52:55 2025 India Standard Time elapsed time: 0.026630 seconds (0d 0h 0m 0s)

---------------  T H R E A D  ---------------

Current thread (0x000001345a36c160):  JavaThread "Unknown thread" [_thread_in_vm, id=17708, stack(0x00000031fb200000,0x00000031fb300000) (1024K)]

Stack: [0x00000031fb200000,0x00000031fb300000]
Native frames: (J=compiled Java code, j=interpreted, Vv=VM code, C=native code)
V  [jvm.dll+0x6e2349]  (no source info available)
V  [jvm.dll+0x874ed3]  (no source info available)
V  [jvm.dll+0x8772fe]  (no source info available)
V  [jvm.dll+0x8779d3]  (no source info available)
V  [jvm.dll+0x27fcb6]  (no source info available)
V  [jvm.dll+0x6de9e5]  (no source info available)
V  [jvm.dll+0x6d34ea]  (no source info available)
V  [jvm.dll+0x35892a]  (no source info available)
V  [jvm.dll+0x360e56]  (no source info available)
V  [jvm.dll+0x3b3d7e]  (no source info available)
V  [jvm.dll+0x3b4028]  (no source info available)
V  [jvm.dll+0x32c4ec]  (no source info available)
V  [jvm.dll+0x32d0a8]  (no source info available)
V  [jvm.dll+0x83cd9c]  (no source info available)
V  [jvm.dll+0x3c0cc1]  (no source info available)
V  [jvm.dll+0x825d8c]  (no source info available)
V  [jvm.dll+0x45b9ee]  (no source info available)
V  [jvm.dll+0x45d871]  (no source info available)
C  [jli.dll+0x52a3]  (no source info available)
C  [ucrtbase.dll+0x29333]  (no source info available)
C  [KERNEL32.DLL+0x1259d]  (no source info available)
C  [ntdll.dll+0x5af38]  (no source info available)


---------------  P R O C E S S  ---------------

Threads class SMR info:
_java_thread_list=0x00007ffb8a17c1c8, length=0, elements={
}

Java Threads: ( => current thread )
Total: 0

Other Threads:
  0x000001345a6cd990 WorkerThread "GC Thread#0"                     [id=2088, stack(0x00000031fb300000,0x00000031fb400000) (1024K)]
  0x000001345a6dfc70 ConcurrentGCThread "G1 Main Marker"            [id=11448, stack(0x00000031fb400000,0x00000031fb500000) (1024K)]
  0x000001345a6e0780 WorkerThread "G1 Conc#0"                       [id=23636, stack(0x00000031fb500000,0x00000031fb600000) (1024K)]

[error occurred during error reporting (printing all threads), id 0xc0000005, EXCEPTION_ACCESS_VIOLATION (0xc0000005) at pc=0x00007ffb898cf2b7]
VM state: not at safepoint (not fully initialized)

VM Mutex/Monitor currently owned by a thread:  ([mutex/lock_event])
[0x00007ffb8a1fccc8] Heap_lock - owner thread: 0x000001345a36c160

Heap address: 0x0000000705200000, size: 4014 MB, Compressed Oops mode: Zero based, Oop shift amount: 3

CDS archive(s) mapped at: [0x0000000000000000-0x0000000000000000-0x0000000000000000), size 0, SharedBaseAddress: 0x0000000800000000, ArchiveRelocationMode: 1.
Narrow klass base: 0x0000000000000000, Narrow klass shift: 0, Narrow klass range: 0x0

GC Precious Log:
 CardTable entry size: 512
 Card Set container configuration: InlinePtr #cards 4 size 8 Array Of Cards #cards 16 size 48 Howl #buckets 8 coarsen threshold 3686 Howl Bitmap #cards 512 size 80 coarsen threshold 460 Card regions per heap region 1 cards per card region 4096

Heap:
 garbage-first heap   total reserved 4110336K, committed 0K, used 0K [0x0000000705200000, 0x0000000800000000)
  region size 2048K, 0 young (0K), 0 survivors (0K)

[error occurred during error reporting (printing heap information), id 0xc0000005, EXCEPTION_ACCESS_VIOLATION (0xc0000005) at pc=0x00007ffb89cce4e9]
GC Heap History (0 events):
No events

Dll operation events (1 events):
Event: 0.013 Loaded shared library C:\Program Files\Java\jdk-22\bin\java.dll

Deoptimization events (0 events):
No events

Classes loaded (0 events):
No events

Classes unloaded (0 events):
No events

Classes redefined (0 events):
No events

Internal exceptions (0 events):
No events

ZGC Phase Switch (0 events):
No events

VM Operations (0 events):
No events

Events (0 events):
No events


Dynamic libraries:
0x00007ff7ccab0000 - 0x00007ff7ccac0000 	C:\Program Files\Java\jdk-22\bin\java.exe
0x00007ffc0f490000 - 0x00007ffc0f6a7000 	C:\windows\SYSTEM32\ntdll.dll
0x00007ffc0de80000 - 0x00007ffc0df44000 	C:\windows\System32\KERNEL32.DLL
0x00007ffc0cc20000 - 0x00007ffc0cfda000 	C:\windows\System32\KERNELBASE.dll
0x00007ffc0cb00000 - 0x00007ffc0cc11000 	C:\windows\System32\ucrtbase.dll
0x00007ffc03240000 - 0x00007ffc03257000 	C:\Program Files\Java\jdk-22\bin\jli.dll
0x00007ffb89570000 - 0x00007ffb8958b000 	C:\Program Files\Java\jdk-22\bin\VCRUNTIME140.dll
0x00007ffc0dc60000 - 0x00007ffc0dd12000 	C:\windows\System32\ADVAPI32.dll
0x00007ffc0ddd0000 - 0x00007ffc0de77000 	C:\windows\System32\msvcrt.dll
0x00007ffc0df50000 - 0x00007ffc0dff7000 	C:\windows\System32\sechost.dll
0x00007ffc0d150000 - 0x00007ffc0d178000 	C:\windows\System32\bcrypt.dll
0x00007ffc0d330000 - 0x00007ffc0d444000 	C:\windows\System32\RPCRT4.dll
0x00007ffc0f240000 - 0x00007ffc0f3ee000 	C:\windows\System32\USER32.dll
0x00007ffc0ca50000 - 0x00007ffc0ca76000 	C:\windows\System32\win32u.dll
0x00007ffbee640000 - 0x00007ffbee8d2000 	C:\windows\WinSxS\amd64_microsoft.windows.common-controls_6595b64144ccf1df_6.0.22621.4541_none_2710d1c57384c085\COMCTL32.dll
0x00007ffc0f210000 - 0x00007ffc0f239000 	C:\windows\System32\GDI32.dll
0x00007ffc0c750000 - 0x00007ffc0c86b000 	C:\windows\System32\gdi32full.dll
0x00007ffc0c9b0000 - 0x00007ffc0ca4a000 	C:\windows\System32\msvcp_win.dll
0x00007ffc02590000 - 0x00007ffc0259a000 	C:\windows\SYSTEM32\VERSION.dll
0x00007ffc0d980000 - 0x00007ffc0d9b1000 	C:\windows\System32\IMM32.DLL
0x00007ffc01f70000 - 0x00007ffc01f7c000 	C:\Program Files\Java\jdk-22\bin\vcruntime140_1.dll
0x00007ffb891d0000 - 0x00007ffb8925e000 	C:\Program Files\Java\jdk-22\bin\msvcp140.dll
0x00007ffb89590000 - 0x00007ffb8a2d8000 	C:\Program Files\Java\jdk-22\bin\server\jvm.dll
0x00007ffc0ec80000 - 0x00007ffc0ecf1000 	C:\windows\System32\WS2_32.dll
0x00007ffc0b5e0000 - 0x00007ffc0b62d000 	C:\windows\SYSTEM32\POWRPROF.dll
0x00007ffc05870000 - 0x00007ffc058a4000 	C:\windows\SYSTEM32\WINMM.dll
0x00007ffc0b5c0000 - 0x00007ffc0b5d3000 	C:\windows\SYSTEM32\UMPDC.dll
0x00007ffc0b880000 - 0x00007ffc0b898000 	C:\windows\SYSTEM32\kernel.appcore.dll
0x00007ffbfaaf0000 - 0x00007ffbfaafa000 	C:\Program Files\Java\jdk-22\bin\jimage.dll
0x00007ffc0a010000 - 0x00007ffc0a242000 	C:\windows\SYSTEM32\DBGHELP.DLL
0x00007ffc0ee10000 - 0x00007ffc0f1a1000 	C:\windows\System32\combase.dll
0x00007ffc0eab0000 - 0x00007ffc0eb87000 	C:\windows\System32\OLEAUT32.dll
0x00007ffbf6060000 - 0x00007ffbf6092000 	C:\windows\SYSTEM32\dbgcore.DLL
0x00007ffc0ca80000 - 0x00007ffc0cafb000 	C:\windows\System32\bcryptPrimitives.dll
0x00007ffb89510000 - 0x00007ffb8952e000 	C:\Program Files\Java\jdk-22\bin\java.dll
0x00007ffc0e000000 - 0x00007ffc0e879000 	C:\windows\System32\SHELL32.dll
0x00007ffc0d180000 - 0x00007ffc0d325000 	C:\windows\System32\ole32.dll

dbghelp: loaded successfully - version: 4.0.5 - missing functions: none
symbol engine: initialized successfully - sym options: 0x614 - pdb path: .;C:\Program Files\Java\jdk-22\bin;C:\windows\SYSTEM32;C:\windows\WinSxS\amd64_microsoft.windows.common-controls_6595b64144ccf1df_6.0.22621.4541_none_2710d1c57384c085;C:\Program Files\Java\jdk-22\bin\server

VM Arguments:
jvm_args: -Dfile.encoding=UTF-8 --module-path=C:\Users\Prathamesh\OneDrive\Documents\NetBeansProjects\University  Management System\build\classes 
java_command: university.management.system.Project
java_class_path (initial): C:\Users\Prathamesh\Downloads\Jar-20250410T180830Z-001\Jar\mysql-connector-java-8.0.28.jar;C:\Users\Prathamesh\Downloads\Jar-20250410T180830Z-001\Jar\jcalendar-tz-1.3.3-4.jar;C:\Users\Prathamesh\Downloads\Jar-20250410T180830Z-001\Jar\rs2xml.jar;C:\Users\Prathamesh\OneDrive\Documents\NetBeansProjects\University  Management System\build\classes
Launcher Type: SUN_STANDARD

[Global flags]
     intx CICompilerCount                          = 4                                         {product} {ergonomic}
     uint ConcGCThreads                            = 3                                         {product} {ergonomic}
     uint G1ConcRefinementThreads                  = 10                                        {product} {ergonomic}
   size_t G1HeapRegionSize                         = 2097152                                   {product} {ergonomic}
   size_t InitialHeapSize                          = 264241152                                 {product} {ergonomic}
   size_t MarkStackSize                            = 4194304                                   {product} {ergonomic}
   size_t MaxHeapSize                              = 4208984064                                {product} {ergonomic}
   size_t MinHeapDeltaBytes                        = 2097152                                   {product} {ergonomic}
   size_t MinHeapSize                              = 8388608                                   {product} {ergonomic}
    uintx NonNMethodCodeHeapSize                   = 5839372                                {pd product} {ergonomic}
    uintx NonProfiledCodeHeapSize                  = 122909434                              {pd product} {ergonomic}
    uintx ProfiledCodeHeapSize                     = 122909434                              {pd product} {ergonomic}
    uintx ReservedCodeCacheSize                    = 251658240                              {pd product} {ergonomic}
     bool SegmentedCodeCache                       = true                                      {product} {ergonomic}
   size_t SoftMaxHeapSize                          = 4208984064                             {manageable} {ergonomic}
     bool UseCompressedOops                        = true                           {product lp64_product} {ergonomic}
     bool UseG1GC                                  = true                                      {product} {ergonomic}
     bool UseLargePagesIndividualAllocation        = false                                  {pd product} {ergonomic}

Logging:
Log output configuration:
 #0: stdout all=warning uptime,level,tags foldmultilines=false
 #1: stderr all=off uptime,level,tags foldmultilines=false

Environment Variables:
PATH=C:\Program Files\Python312\Scripts\;C:\Program Files\Python312\;C:\Program Files\Common Files\Oracle\Java\javapath;C:\windows\system32;C:\windows;C:\windows\System32\Wbem;C:\windows\System32\WindowsPowerShell\v1.0\;C:\windows\System32\OpenSSH\;C:\Program Files (x86)\NVIDIA Corporation\PhysX\Common;C:\Program Files\NVIDIA Corporation\NVIDIA NvDLISR;C:\Program Files\HP\HP One Agent;C:\Program Files\Java\jdk-22\bin;C:\Program Files\nodejs\;C:\Program Files\Git\cmd;C:\Program Files\MongoDB\Server\7.0\bin;C:\Program Files\dotnet\;c:\Users\Prathamesh\AppData\Local\Programs\cursor\resources\app\bin;C:\Program Files\MySQL\MySQL Server 8.0\bin;C:\Users\Prathamesh\AppData\Local\Microsoft\WindowsApps;C:\Users\Prathamesh\AppData\Local\Programs\Microsoft VS Code\bin;C:\Users\Prathamesh\AppData\Roaming\npm;C:\Users\Prathamesh\AppData\Local\GitHubDesktop\bin;C:\Program Files\mongosh\
USERNAME=Prathamesh
OS=Windows_NT
PROCESSOR_IDENTIFIER=Intel64 Family 6 Model 154 Stepping 3, GenuineIntel
TMP=C:\Users\PRATHA~1\AppData\Local\Temp
TEMP=C:\Users\PRATHA~1\AppData\Local\Temp




Periodic native trim disabled

---------------  S Y S T E M  ---------------

OS:
 Windows 11 , 64 bit Build 22621 (10.0.22621.4391)
OS uptime: 6 days 16:28 hours
Hyper-V role detected

CPU: total 12 (initial active 12) (6 cores per cpu, 2 threads per core) family 6 model 154 stepping 3 microcode 0x432, cx8, cmov, fxsr, ht, mmx, 3dnowpref, sse, sse2, sse3, ssse3, sse4.1, sse4.2, popcnt, lzcnt, tsc, tscinvbit, avx, avx2, aes, erms, clmul, bmi1, bmi2, adx, sha, fma, vzeroupper, clflush, clflushopt, clwb, hv, serialize, rdtscp, rdpid, fsrm, f16c, cet_ibt, cet_ss
Processor Information for processor 0
  Max Mhz: 2000, Current Mhz: 2000, Mhz Limit: 2000
Processor Information for processor 1
  Max Mhz: 2000, Current Mhz: 1520, Mhz Limit: 2000
Processor Information for processor 2
  Max Mhz: 2000, Current Mhz: 1520, Mhz Limit: 2000
Processor Information for processor 3
  Max Mhz: 2000, Current Mhz: 1520, Mhz Limit: 2000
Processor Information for processor 4
  Max Mhz: 2000, Current Mhz: 1520, Mhz Limit: 2000
Processor Information for processor 5
  Max Mhz: 2000, Current Mhz: 2000, Mhz Limit: 2000
Processor Information for processor 6
  Max Mhz: 2000, Current Mhz: 1520, Mhz Limit: 2000
Processor Information for processor 7
  Max Mhz: 2000, Current Mhz: 2000, Mhz Limit: 2000
Processor Information for processor 8
  Max Mhz: 2000, Current Mhz: 1500, Mhz Limit: 1500
Processor Information for processor 9
  Max Mhz: 2000, Current Mhz: 1500, Mhz Limit: 1500
Processor Information for processor 10
  Max Mhz: 2000, Current Mhz: 1500, Mhz Limit: 1500
Processor Information for processor 11
  Max Mhz: 2000, Current Mhz: 1500, Mhz Limit: 1500

Memory: 4k page, system-wide physical 16052M (2254M free)
TotalPageFile size 47120M (AvailPageFile size 98M)
current process WorkingSet (physical memory assigned to process): 12M, peak: 12M
current process commit charge ("private bytes"): 64M, peak: 316M

vm_info: Java HotSpot(TM) 64-Bit Server VM (22+36-2370) for windows-amd64 JRE (22+36-2370), built on 2024-02-15T22:15:19Z by "mach5one" with MS VC++ 17.6 (VS2022)

END.
